// Jest Snapshot v1, https://goo.gl/fbAQLP

exports[`MovieCardContainer MovieCard should match snapshot with all data passing through correctly 1`] = `
<section
  className="movie_card"
  id={456}
>
  <Link
    to="/movies/456"
  >
    <div>
      <h1>
        Harry Potter and the Sorceres Stone
      </h1>
      <img
        alt="Harry Potter and the Sorceres Stone"
        className="movie__card--img"
      />
      <h1>
        Error
      </h1>
    </div>
  </Link>
  <button
    onClick={[Function]}
  >
    Favorite
  </button>
</section>
`;
