// Jest Snapshot v1, https://goo.gl/fbAQLP

exports[`FormContainer Form should match snapshot with all information passing through 1`] = `
<form>
  <h2>
    Email:
  </h2>
  <input
    name="email"
    onChange={[Function]}
    placeholder="Email"
    type="email"
    value=""
  />
  <h1 />
  <h2>
    Password:
  </h2>
  <input
    minLength="8"
    name="password"
    onChange={[Function]}
    placeholder="Password must 8 characters"
    type="password"
    value=""
  />
  <button
    onClick={[Function]}
  >
    Sign Up
  </button>
  <button
    onClick={[Function]}
  >
    Sign In
  </button>
  <Link
    to="/"
  >
    <button
      type="button"
    >
      Back To Movies
    </button>
  </Link>
</form>
`;
